\BOOKMARK [0][-]{titulo.0}{\376\377\000P\000\341\000g\000i\000n\000a\000\040\000d\000e\000\040\000T\000\355\000t\000u\000l\000o}{}% 1
\BOOKMARK [0][-]{indices.0}{\376\377\000\315\000n\000d\000i\000c\000e\000s}{}% 2
\BOOKMARK [1][-]{tabla de contenidos.1}{\376\377\000T\000a\000b\000l\000a\000\040\000d\000e\000\040\000C\000o\000n\000t\000e\000n\000i\000d\000o\000s}{indices.0}% 3
\BOOKMARK [1][-]{indice de figuras.1}{\376\377\000\315\000n\000d\000i\000c\000e\000\040\000d\000e\000\040\000f\000i\000g\000u\000r\000a\000s}{indices.0}% 4
\BOOKMARK [1][-]{indice de tablas.1}{\376\377\000\315\000n\000d\000i\000c\000e\000\040\000d\000e\000\040\000t\000a\000b\000l\000a\000s}{indices.0}% 5
\BOOKMARK [0][-]{chapter.8}{\376\377\000I\000n\000t\000r\000o\000d\000u\000c\000c\000i\000\363\000n}{}% 6
\BOOKMARK [1][-]{section.15}{\376\377\000M\000o\000t\000i\000v\000a\000c\000i\000\363\000n}{chapter.8}% 7
\BOOKMARK [1][-]{section.16}{\376\377\000O\000b\000j\000e\000t\000i\000v\000o\000s}{chapter.8}% 8
\BOOKMARK [1][-]{section.17}{\376\377\000P\000l\000a\000n\000\040\000d\000e\000\040\000t\000r\000a\000b\000a\000j\000o}{chapter.8}% 9
\BOOKMARK [1][-]{section.18}{\376\377\000E\000x\000p\000l\000i\000c\000a\000c\000i\000o\000n\000e\000s\000\040\000a\000d\000i\000c\000i\000o\000n\000a\000l\000e\000s\000\040\000s\000o\000b\000r\000e\000\040\000e\000l\000\040\000u\000s\000o\000\040\000d\000e\000\040\000e\000s\000t\000a\000\040\000p\000l\000a\000n\000t\000i\000l\000l\000a}{chapter.8}% 10
\BOOKMARK [2][-]{subsection.20}{\376\377\000T\000e\000x\000t\000o\000\040\000d\000e\000\040\000p\000r\000u\000e\000b\000a}{section.18}% 11
\BOOKMARK [0][-]{chapter.21}{\376\377\000E\000s\000t\000a\000d\000o\000\040\000d\000e\000\040\000l\000a\000\040\000C\000u\000e\000s\000t\000i\000\363\000n}{}% 12
\BOOKMARK [1][-]{section.22}{\376\377\000A\000c\000e\000p\000t\000a\000\040\000e\000l\000\040\000r\000e\000t\000o}{chapter.21}% 13
\BOOKMARK [1][-]{section.24}{\376\377\000P\000y\000t\000h\000o\000n\000T\000u\000t\000o\000r}{chapter.21}% 14
\BOOKMARK [0][-]{chapter.26}{\376\377\000F\000a\000s\000e\000\040\000d\000e\000\040\000I\000n\000v\000e\000s\000t\000i\000g\000a\000c\000i\000\363\000n}{}% 15
\BOOKMARK [1][-]{section.27}{\376\377\000C\000u\000e\000s\000t\000i\000o\000n\000a\000r\000i\000o\000\040\000a\000\040\000a\000l\000u\000m\000n\000o\000s}{chapter.26}% 16
\BOOKMARK [2][-]{subsection.28}{\376\377\000A\000n\000\341\000l\000i\000s\000i\000s\000\040\000y\000\040\000C\000o\000n\000c\000l\000u\000s\000i\000o\000n\000e\000s}{section.27}% 17
\BOOKMARK [1][-]{section.29}{\376\377\000E\000n\000t\000r\000e\000v\000i\000s\000t\000a\000\040\000d\000o\000c\000e\000n\000t\000e}{chapter.26}% 18
\BOOKMARK [1][-]{section.30}{\376\377\000R\000e\000q\000u\000i\000s\000i\000t\000o\000s\000\040\000i\000d\000e\000n\000t\000i\000f\000i\000c\000a\000d\000o\000s}{chapter.26}% 19
\BOOKMARK [2][-]{subsection.31}{\376\377\000R\000e\000q\000u\000i\000s\000i\000t\000o\000s\000\040\000f\000u\000n\000c\000i\000o\000n\000a\000l\000e\000s}{section.30}% 20
\BOOKMARK [2][-]{subsection.32}{\376\377\000R\000e\000q\000u\000i\000s\000i\000t\000o\000s\000\040\000n\000o\000\040\000f\000u\000n\000c\000i\000o\000n\000a\000l\000e\000s}{section.30}% 21
\BOOKMARK [0][-]{chapter.33}{\376\377\000C\000o\000n\000c\000l\000u\000s\000i\000o\000n\000e\000s\000\040\000y\000\040\000T\000r\000a\000b\000a\000j\000o\000\040\000F\000u\000t\000u\000r\000o}{}% 22
\BOOKMARK [0][-]{chapter*.34}{\376\377\000I\000n\000t\000r\000o\000d\000u\000c\000t\000i\000o\000n}{}% 23
\BOOKMARK [0][-]{chapter*.35}{\376\377\000C\000o\000n\000c\000l\000u\000s\000i\000o\000n\000s\000\040\000a\000n\000d\000\040\000F\000u\000t\000u\000r\000e\000\040\000W\000o\000r\000k}{}% 24
\BOOKMARK [0][-]{chapter*.36}{\376\377\000B\000i\000b\000l\000i\000o\000g\000r\000a\000f\000\355\000a}{}% 25
\BOOKMARK [0][-]{appendix.37}{\376\377\000C\000u\000s\000t\000i\000o\000n\000a\000r\000i\000o\000\040\000a\000\040\000a\000l\000u\000m\000n\000o\000s}{}% 26
\BOOKMARK [0][-]{appendix.62}{\376\377\000T\000\355\000t\000u\000l\000o\000\040\000d\000e\000l\000\040\000A\000p\000\351\000n\000d\000i\000c\000e\000\040\000B}{}% 27
\BOOKMARK [0][-]{fin.0}{\376\377\000F\000i\000n}{}% 28
